cinder：为云主机增加数据盘
openstack中创建云主机的时候可以创建一个卷，把这个卷挂到云主机上，如果云主机出现故障被删除，那么在找一个云主机，把这个卷挂到新的云主机上，数据还是会存在的，不丢失

ceph与nfs对接
（1）创建一个pv，vg（controller节点操作）
vgdisplay   显示如下
  --- Volume group ---
  VG Name               cinder-volumes
  System ID             
  Format                lvm2
  Metadata Areas        1
  Metadata Sequence No  1
  VG Access             read/write
  VG Status             resizable
  MAX LV                0
  Cur LV                0
  Open LV               0
  Max PV                0
  Cur PV                1
  Act PV                1
  VG Size               <10.30 GiB
  PE Size               4.00 MiB
  Total PE              2636
  Alloc PE / Size       0 / 0   
  Free  PE / Size       2636 / <10.30 GiB
  VG UUID               cj4GOQ-PvEp-K4eK-t3A1-Y63k-OODx-3WFRBh
  
vgremove cinder-volumes 
pvcreate /dev/sdc
vgcreate cinder-volumes /dev/sdc

（2）在controller节点重启cinder-volume这个服务
systemctl list-unit-files | grep cinder   显示如下
openstack-cinder-api.service                  enabled 
openstack-cinder-backup.service               disabled
openstack-cinder-scheduler.service            enabled 
openstack-cinder-volume.service               enabled 

systemctl restart openstack-cinder-volume
cd /var/log/cinder 
cat volume.log    #显示如下，说明可以创建cinder卷了
2019-11-18 21:54:58.143 7409 WARNING oslo_config.cfg [req-a214102f-7b80-436d-89a8-2c86e57bf6d4 - - - - -] Option "rabbit_port" from group "oslo_messaging_rabbit" is deprecated for removal.  Its value may be silently ignored in the future.
2019-11-18 21:54:58.144 7409 WARNING oslo_config.cfg [req-a214102f-7b80-436d-89a8-2c86e57bf6d4 - - - - -] Option "rabbit_password" from group "oslo_messaging_rabbit" is deprecated for removal.  Its value may be silently ignored in the future.
2019-11-18 21:54:58.145 7409 WARNING oslo_config.cfg [req-a214102f-7b80-436d-89a8-2c86e57bf6d4 - - - - -] Option "rabbit_userid" from group "oslo_messaging_rabbit" is deprecated for removal.  Its value may be silently ignored in the future.
2019-11-18 21:54:58.302 7428 INFO cinder.coordination [-] Coordination backend started successfully.

（3）在dashboard的界面创建卷
http://192.168.124.200
项目------>卷------>创建卷
卷名称：test01
卷类型：iscsi
大小：10G

cinder与ceph对接（预留，不演示，自行练习）
在controller节点修改cinder配置文件
cd  /etc/cinder
cat  cinder.conf
修改内容如下
glance_api_version = 2    #之前是注释的，把注释打开，值由1变成2
enabled_backends = ceph,lvm
在文件最后一行加上如下内容
[ceph]
glance_api_version = 2  
volume_driver = cinder.volume.drivers.rbd.RBDDriver
volume_backend_name = ceph
rbd_pool = volumes
rbd_ceph_conf = /etc/ceph/ceph.conf
rbd_flatten_volume_from_snapshot = false
rbd_max_clone_depth = 5
rbd_store_chunk_size = 4
rados_connect_timeout = -1
rbd_user = cinder
rbd_secret_uuid = 502804dd-8504-405a-b7a1-33a52ec3a77c
上面修改好了重启服务
systemctl restart openstack-cinder-volume
source /root/keystone_admin
cinder type-create  ceph 
cinder type-key ceph set volume_backend_name=ceph
cinder create --volume-type ceph --name ceph-volume1 2
在dashboard界面可以看到创建了一个卷ceph-volume1，大小是2G